Vercel CLI 59.1.4 (Node.js 24.19.0)
Deploying gia-deliksari-web
Uploading [--------------------] (0.0B/665.5KB)
Uploading [=====---------------] (170.5KB/665.5KB)
Uploading [==========----------] (342.3KB/665.5KB)
Uploading [===============-----] (499.8KB/665.5KB)
Uploading [====================] (665.5KB/665.5KB)
  Inspect         https://vercel.com/zzdree/gia-deliksari-web/AsSGibTrRTHQzndEVStcdYzEUBPE
  Production      https://gia-deliksari-9r1izzgcd-zzdree.vercel.app
BuildingΓÇª
BuildingΓÇª
Running build in Washington, D.C., USA (East) ΓÇô iad1
Build machine configuration: 2 cores, 8 GB
Retrieving list of deployment files...
Downloading 102 deployment files...
Restored build cache from previous deployment (6LU65DKTFDKLxcpXys5o1gG2U3SF)
Running "vercel build"
Vercel CLI 59.3.0
Installing dependencies...
npm warn deprecated node-domexception@1.0.0: Use your platform's native DOMException instead
npm warn deprecated glob@10.5.0: Old versions of glob are not supported, and contain widely publicized security vulnerabilities, which have been fixed in the current version. Please update. Support for old versions may be purchased (at exorbitant rates) by contacting i@izs.me
added 89 packages in 3s
57 packages are looking for funding
run `npm fund` for details
npm warn allow-scripts 1 package has install scripts not yet covered by allowScripts:
npm warn allow-scripts   sharp@0.34.5 (install: node install/check.js || npm run build)
npm warn allow-scripts
npm warn allow-scripts Run `npm approve-scripts --allow-scripts-pending` to review, or `npm approve-scripts <pkg>` to allow.
Detected Next.js version: 15.5.23
Running "npm run build"
> gia-deliksari-web@1.0.0 build
> next build
Γû▓ Next.js 15.5.23
Creating an optimized production build ...
Γ£ô Compiled successfully in 24.6s
Linting and checking validity of types ...
Collecting page data ...
Generating static pages (0/18) ...
Generating static pages (4/18)
Generating static pages (8/18)
Generating static pages (13/18)
Γ£ô Generating static pages (18/18)
Finalizing page optimization ...
Collecting build traces ...
Route (app)                                 Size  First Load JS
Γöî Γùï /                                      132 B         208 kB
Γö£ Γùï /_not-found                            994 B         104 kB
Γö£ Γùï /admin                               13.5 kB         201 kB
Γö£ ╞Æ /api/admin/data                        152 B         103 kB
Γö£ ╞Æ /api/auth/check                        152 B         103 kB
Γö£ ╞Æ /api/auth/login                        152 B         103 kB
Γö£ ╞Æ /api/auth/logout                       152 B         103 kB
Γö£ ╞Æ /api/gallery/sync                      152 B         103 kB
Γö£ ╞Æ /api/gallery/upload                    152 B         103 kB
Γö£ ╞Æ /api/public/data                       152 B         103 kB
Γö£ ╞Æ /api/public/ministry-requests          152 B         103 kB
Γö£ ╞Æ /api/youtube/latest                    152 B         103 kB
Γö£ Γùï /home                                  132 B         208 kB
Γö£ Γùï /manifest.webmanifest                  152 B         103 kB
Γö£ Γùï /robots.txt                            152 B         103 kB
Γöö Γùï /sitemap.xml                           152 B         103 kB
+ First Load JS shared by all             103 kB
Γö£ chunks/255-87552e6e05b8e3aa.js       46.4 kB
Γö£ chunks/4bd1b696-c023c6e3521b1417.js  54.2 kB
Γöö other shared chunks (total)          1.92 kB
Γùï  (Static)   prerendered as static content
╞Æ  (Dynamic)  server-rendered on demand
Traced Next.js server files in: 47.504ms
Created all serverless functions in: 314.945ms
Collected static files (public/, static/, .next/static): 8.796ms
Build Completed in /vercel/output [1m]
Deploying outputs...
[2K[1A[2K[G  Production      https://gia-deliksari-9r1izzgcd-zzdree.vercel.app
CompletingΓÇª
Γû▓ Aliased         https://gia-deliksari-web.vercel.app
{
  "status": "ok",
  "deployment": {
    "id": "dpl_AsSGibTrRTHQzndEVStcdYzEUBPE",
    "url": "https://gia-deliksari-9r1izzgcd-zzdree.vercel.app",
    "inspectorUrl": "https://vercel.com/zzdree/gia-deliksari-web/AsSGibTrRTHQzndEVStcdYzEUBPE",
    "readyState": "READY",
    "target": "production",
    "deploymentApiUrl": "https://api.vercel.com/v13/deployments/dpl_AsSGibTrRTHQzndEVStcdYzEUBPE"
  },
  "message": "Deployment gia-deliksari-9r1izzgcd-zzdree.vercel.app ready.",
  "next": [
    {
      "command": "vercel curl https://gia-deliksari-9r1izzgcd-zzdree.vercel.app",
      "when": "Verify deployment, including when Deployment Protection is enabled"
    },
    {
      "command": "vercel inspect gia-deliksari-9r1izzgcd-zzdree.vercel.app",
      "when": "Inspect deployment"
    },
    {
      "command": "vercel deploy --prod",
      "when": "Promote to production"
    }
  ]
}
